{
  "exclude": {
    "files": "package-lock.json|^.secrets.baseline$",
    "lines": null
  },
  "generated_at": "2021-02-24T21:17:07Z",
  "plugins_used": [
    {
      "name": "AWSKeyDetector"
    },
    {
      "name": "ArtifactoryDetector"
    },
    {
      "base64_limit": 4.5,
      "name": "Base64HighEntropyString"
    },
    {
      "name": "BasicAuthDetector"
    },
    {
      "name": "BoxDetector"
    },
    {
      "name": "CloudantDetector"
    },
    {
      "name": "GheDetector"
    },
    {
      "hex_limit": 3,
      "name": "HexHighEntropyString"
    },
    {
      "name": "IbmCloudIamDetector"
    },
    {
      "name": "IbmCosHmacDetector"
    },
    {
      "name": "JwtTokenDetector"
    },
    {
      "keyword_exclude": null,
      "name": "KeywordDetector"
    },
    {
      "name": "MailchimpDetector"
    },
    {
      "name": "PrivateKeyDetector"
    },
    {
      "name": "SlackDetector"
    },
    {
      "name": "SoftlayerDetector"
    },
    {
      "name": "StripeDetector"
    },
    {
      "name": "TwilioKeyDetector"
    }
  ],
  "results": {
    "modules/catalog-management/src/test/java/com/ibm/cloud/platform_services/catalog_management/v1/CatalogManagementIT.java": [
      {
        "hashed_secret": "178fb14190d81e76cb90c5f64b7e4655e24f621c",
        "is_secret": false,
        "is_verified": false,
        "line_number": 75,
        "type": "Hex High Entropy String",
        "verified_result": null
      }
    ],
    "modules/configuration-governance/src/test/java/com/ibm/cloud/platform_services/configuration_governance/v1/ConfigurationGovernanceTest.java": [
      {
        "hashed_secret": "82aedb7431adbda1f45889955654f3961c2922d0",
        "is_secret": false,
        "is_verified": false,
        "line_number": 134,
        "type": "Hex High Entropy String",
        "verified_result": null
      },
      {
        "hashed_secret": "b89a28a962ef966b39c616e302eb57039449a68d",
        "is_secret": false,
        "is_verified": false,
        "line_number": 660,
        "type": "Hex High Entropy String",
        "verified_result": null
      },
      {
        "hashed_secret": "e9a3ab857356e7183444d553531bad6c077b498e",
        "is_secret": false,
        "is_verified": false,
        "line_number": 669,
        "type": "Hex High Entropy String",
        "verified_result": null
      }
    ],
    "modules/configuration-governance/src/test/java/com/ibm/cloud/platform_services/configuration_governance/v1/model/CreateRuleRequestTest.java": [
      {
        "hashed_secret": "82aedb7431adbda1f45889955654f3961c2922d0",
        "is_secret": false,
        "is_verified": false,
        "line_number": 48,
        "type": "Hex High Entropy String",
        "verified_result": null
      }
    ],
    "modules/configuration-governance/src/test/java/com/ibm/cloud/platform_services/configuration_governance/v1/model/CreateRulesOptionsTest.java": [
      {
        "hashed_secret": "82aedb7431adbda1f45889955654f3961c2922d0",
        "is_secret": false,
        "is_verified": false,
        "line_number": 49,
        "type": "Hex High Entropy String",
        "verified_result": null
      }
    ],
    "modules/configuration-governance/src/test/java/com/ibm/cloud/platform_services/configuration_governance/v1/model/ListRulesOptionsTest.java": [
      {
        "hashed_secret": "e9a3ab857356e7183444d553531bad6c077b498e",
        "is_secret": false,
        "is_verified": false,
        "line_number": 43,
        "type": "Hex High Entropy String",
        "verified_result": null
      }
    ],
    "modules/configuration-governance/src/test/java/com/ibm/cloud/platform_services/configuration_governance/v1/model/RuleRequestTest.java": [
      {
        "hashed_secret": "82aedb7431adbda1f45889955654f3961c2922d0",
        "is_secret": false,
        "is_verified": false,
        "line_number": 47,
        "type": "Hex High Entropy String",
        "verified_result": null
      }
    ],
    "modules/configuration-governance/src/test/java/com/ibm/cloud/platform_services/configuration_governance/v1/model/TargetResourceTest.java": [
      {
        "hashed_secret": "82aedb7431adbda1f45889955654f3961c2922d0",
        "is_secret": false,
        "is_verified": false,
        "line_number": 44,
        "type": "Hex High Entropy String",
        "verified_result": null
      }
    ],
    "modules/configuration-governance/src/test/java/com/ibm/cloud/platform_services/configuration_governance/v1/model/UpdateRuleOptionsTest.java": [
      {
        "hashed_secret": "82aedb7431adbda1f45889955654f3961c2922d0",
        "is_secret": false,
        "is_verified": false,
        "line_number": 47,
        "type": "Hex High Entropy String",
        "verified_result": null
      }
    ],
    "modules/enterprise-management/src/test/java/com/ibm/cloud/platform_services/enterprise_management/v1/AccountManagementHelper.java": [
      {
        "hashed_secret": "d4c3d66fd0c38547a3c7a4c6bdc29c36911bc030",
        "is_secret": false,
        "is_verified": false,
        "line_number": 29,
        "type": "Secret Keyword",
        "verified_result": null
      }
    ],
    "modules/enterprise-usage-reports/src/test/java/com/ibm/cloud/platform_services/enterprise_usage_reports/v1/EnterpriseUsageReportsTest.java": [
      {
        "hashed_secret": "5bfabda9d31f1270745654e91a23ca1ff9b26a95",
        "is_secret": false,
        "is_verified": false,
        "line_number": 128,
        "type": "Hex High Entropy String",
        "verified_result": null
      },
      {
        "hashed_secret": "d06f0318f9eff64a13844ce2fa66cf9fb37a8cad",
        "is_secret": false,
        "is_verified": false,
        "line_number": 129,
        "type": "Hex High Entropy String",
        "verified_result": null
      },
      {
        "hashed_secret": "820b2eb95f60d828f82a984ce0321feab7868833",
        "is_secret": false,
        "is_verified": false,
        "line_number": 130,
        "type": "Hex High Entropy String",
        "verified_result": null
      }
    ],
    "modules/enterprise-usage-reports/src/test/java/com/ibm/cloud/platform_services/enterprise_usage_reports/v1/model/GetResourceUsageReportOptionsTest.java": [
      {
        "hashed_secret": "5bfabda9d31f1270745654e91a23ca1ff9b26a95",
        "is_secret": false,
        "is_verified": false,
        "line_number": 44,
        "type": "Hex High Entropy String",
        "verified_result": null
      },
      {
        "hashed_secret": "d06f0318f9eff64a13844ce2fa66cf9fb37a8cad",
        "is_secret": false,
        "is_verified": false,
        "line_number": 45,
        "type": "Hex High Entropy String",
        "verified_result": null
      },
      {
        "hashed_secret": "820b2eb95f60d828f82a984ce0321feab7868833",
        "is_secret": false,
        "is_verified": false,
        "line_number": 46,
        "type": "Hex High Entropy String",
        "verified_result": null
      }
    ],
    "modules/open-service-broker/src/test/java/com/ibm/cloud/platform_services/open_service_broker/v1/OpenServiceBrokerIT.java": [
      {
        "hashed_secret": "cf65466f1394d5969a2179be065d0daa54007411",
        "is_secret": false,
        "is_verified": false,
        "line_number": 52,
        "type": "Hex High Entropy String",
        "verified_result": null
      },
      {
        "hashed_secret": "0f97a4e707b7424540793cb2078919ee6770e07f",
        "is_secret": false,
        "is_verified": false,
        "line_number": 53,
        "type": "Hex High Entropy String",
        "verified_result": null
      }
    ],
    "modules/resource-manager/src/test/java/com/ibm/cloud/platform_services/resource_manager/v2/ResourceManagerIT.java": [
      {
        "hashed_secret": "1f7f6b3a6bee3796ba250ac4379ea6743d51ed53",
        "is_secret": false,
        "is_verified": false,
        "line_number": 31,
        "type": "Hex High Entropy String",
        "verified_result": null
      }
    ],
    "modules/user-management/src/test/java/com/ibm/cloud/platform_services/user_management/v1/UserManagementIT.java": [
      {
        "hashed_secret": "2fd0f58e94ad6ad73205d72f2bd0daa099b62500",
        "is_secret": false,
        "is_verified": false,
        "line_number": 67,
        "type": "Hex High Entropy String",
        "verified_result": null
      }
    ]
  },
  "version": "0.13.1+ibm.29.dss",
  "word_list": {
    "file": null,
    "hash": null
  }
}
